[    0.000000] Initializing cgroup subsys cpuset
[    0.000000] Initializing cgroup subsys cpu
[    0.000000] Initializing cgroup subsys cpuacct
[    0.000000] Linux version 4.4.0-184-generic (buildd@lgw01-amd64-060) (gcc version 5.4.0 20160609 (Ubuntu 5.4.0-6ubuntu1~16.04.12) ) #214-Ubuntu SMP Thu Jun 4 10:14:11 UTC 2020 (Ubuntu 4.4.0-184.214-generic 4.4.223)
[    0.000000] Command line: BOOT_IMAGE=/boot/vmlinuz-4.4.0-184-generic root=LABEL=cloudimg-rootfs ro console=tty1 console=ttyS0
[    0.000000] KERNEL supported cpus:
[    0.000000]   Intel GenuineIntel
[    0.000000]   AMD AuthenticAMD
[    0.000000]   Centaur CentaurHauls
[    0.000000] x86/fpu: xstate_offset[2]:  576, xstate_sizes[2]:  256
[    0.000000] x86/fpu: Supporting XSAVE feature 0x01: 'x87 floating point registers'
[    0.000000] x86/fpu: Supporting XSAVE feature 0x02: 'SSE registers'
[    0.000000] x86/fpu: Supporting XSAVE feature 0x04: 'AVX registers'
[    0.000000] x86/fpu: Enabled xstate features 0x7, context size is 832 bytes, using 'standard' format.
[    0.000000] e820: BIOS-provided physical RAM map:
[    0.000000] BIOS-e820: [mem 0x0000000000000000-0x000000000009fbff] usable
[    0.000000] BIOS-e820: [mem 0x000000000009fc00-0x000000000009ffff] reserved
[    0.000000] BIOS-e820: [mem 0x00000000000f0000-0x00000000000fffff] reserved
[    0.000000] BIOS-e820: [mem 0x0000000000100000-0x000000003ffeffff] usable
[    0.000000] BIOS-e820: [mem 0x000000003fff0000-0x000000003fffffff] ACPI data
[    0.000000] BIOS-e820: [mem 0x00000000fec00000-0x00000000fec00fff] reserved
[    0.000000] BIOS-e820: [mem 0x00000000fee00000-0x00000000fee00fff] reserved
[    0.000000] BIOS-e820: [mem 0x00000000fffc0000-0x00000000ffffffff] reserved
[    0.000000] NX (Execute Disable) protection: active
[    0.000000] SMBIOS 2.5 present.
[    0.000000] Hypervisor detected: KVM
[    0.000000] e820: last_pfn = 0x3fff0 max_arch_pfn = 0x400000000
[    0.000000] MTRR: Disabled
[    0.000000] x86/PAT: MTRRs disabled, skipping PAT initialization too.
[    0.000000] CPU MTRRs all blank - virtualized system.
[    0.000000] x86/PAT: Configuration [0-7]: WB  WT  UC- UC  WB  WT  UC- UC  
[    0.000000] found SMP MP-table at [mem 0x0009fff0-0x0009ffff] mapped at [ffff88000009fff0]
[    0.000000] Scanning 1 areas for low memory corruption
[    0.000000] RAMDISK: [mem 0x362dc000-0x37165fff]
[    0.000000] ACPI: Early table checksum verification disabled
[    0.000000] ACPI: RSDP 0x00000000000E0000 000024 (v02 VBOX  )
[    0.000000] ACPI: XSDT 0x000000003FFF0030 00003C (v01 VBOX   VBOXXSDT 00000001 ASL  00000061)
[    0.000000] ACPI: FACP 0x000000003FFF00F0 0000F4 (v04 VBOX   VBOXFACP 00000001 ASL  00000061)
[    0.000000] ACPI: DSDT 0x000000003FFF0470 0022EA (v02 VBOX   VBOXBIOS 00000002 INTL 20100528)
[    0.000000] ACPI: FACS 0x000000003FFF0200 000040
[    0.000000] ACPI: FACS 0x000000003FFF0200 000040
[    0.000000] ACPI: APIC 0x000000003FFF0240 00005C (v02 VBOX   VBOXAPIC 00000001 ASL  00000061)
[    0.000000] ACPI: SSDT 0x000000003FFF02A0 0001CC (v01 VBOX   VBOXCPUT 00000002 INTL 20100528)
[    0.000000] No NUMA configuration found
[    0.000000] Faking a node at [mem 0x0000000000000000-0x000000003ffeffff]
[    0.000000] NODE_DATA(0) allocated [mem 0x3ffeb000-0x3ffeffff]
[    0.000000] kvm-clock: Using msrs 4b564d01 and 4b564d00
[    0.000000] kvm-clock: cpu 0, msr 0:3ffe3001, primary cpu clock
[    0.000000] kvm-clock: using sched offset of 6022162552 cycles
[    0.000000] clocksource: kvm-clock: mask: 0xffffffffffffffff max_cycles: 0x1cd42e4dffb, max_idle_ns: 881590591483 ns
[    0.000000] Zone ranges:
[    0.000000]   DMA      [mem 0x0000000000001000-0x0000000000ffffff]
[    0.000000]   DMA32    [mem 0x0000000001000000-0x000000003ffeffff]
[    0.000000]   Normal   empty
[    0.000000]   Device   empty
[    0.000000] Movable zone start for each node
[    0.000000] Early memory node ranges
[    0.000000]   node   0: [mem 0x0000000000001000-0x000000000009efff]
[    0.000000]   node   0: [mem 0x0000000000100000-0x000000003ffeffff]
[    0.000000] Initmem setup node 0 [mem 0x0000000000001000-0x000000003ffeffff]
[    0.000000] ACPI: PM-Timer IO Port: 0x4008
[    0.000000] IOAPIC[0]: apic_id 2, version 32, address 0xfec00000, GSI 0-23
[    0.000000] ACPI: INT_SRC_OVR (bus 0 bus_irq 0 global_irq 2 dfl dfl)
[    0.000000] ACPI: INT_SRC_OVR (bus 0 bus_irq 9 global_irq 9 low level)
[    0.000000] Using ACPI (MADT) for SMP configuration information
[    0.000000] smpboot: Allowing 2 CPUs, 0 hotplug CPUs
[    0.000000] PM: Registered nosave memory: [mem 0x00000000-0x00000fff]
[    0.000000] PM: Registered nosave memory: [mem 0x0009f000-0x0009ffff]
[    0.000000] PM: Registered nosave memory: [mem 0x000a0000-0x000effff]
[    0.000000] PM: Registered nosave memory: [mem 0x000f0000-0x000fffff]
[    0.000000] e820: [mem 0x40000000-0xfebfffff] available for PCI devices
[    0.000000] Booting paravirtualized kernel on KVM
[    0.000000] clocksource: refined-jiffies: mask: 0xffffffff max_cycles: 0xffffffff, max_idle_ns: 7645519600211568 ns
[    0.000000] setup_percpu: NR_CPUS:512 nr_cpumask_bits:512 nr_cpu_ids:2 nr_node_ids:1
[    0.000000] PERCPU: Embedded 33 pages/cpu @ffff88003fc00000 s95448 r8192 d31528 u1048576
[    0.000000] Built 1 zonelists in Node order, mobility grouping on.  Total pages: 257912
[    0.000000] Policy zone: DMA32
[    0.000000] Kernel command line: BOOT_IMAGE=/boot/vmlinuz-4.4.0-184-generic root=LABEL=cloudimg-rootfs ro console=tty1 console=ttyS0
[    0.000000] PID hash table entries: 4096 (order: 3, 32768 bytes)
[    0.000000] Memory: 997660K/1048120K available (8632K kernel code, 1336K rwdata, 4036K rodata, 1492K init, 1292K bss, 50460K reserved, 0K cma-reserved)
[    0.000000] SLUB: HWalign=64, Order=0-3, MinObjects=0, CPUs=2, Nodes=1
[    0.000000] Kernel/User page tables isolation: enabled
[    0.000000] Hierarchical RCU implementation.
[    0.000000] 	Build-time adjustment of leaf fanout to 64.
[    0.000000] 	RCU restricting CPUs from NR_CPUS=512 to nr_cpu_ids=2.
[    0.000000] RCU: Adjusting geometry for rcu_fanout_leaf=64, nr_cpu_ids=2
[    0.000000] NR_IRQS:33024 nr_irqs:440 16
[    0.000000] Console: colour VGA+ 80x25
[    0.000000] console [tty1] enabled
[    0.000000] console [ttyS0] enabled
[    0.000000] tsc: Detected 3192.000 MHz processor
[    0.156253] Calibrating delay loop (skipped) preset value.. 6384.00 BogoMIPS (lpj=12768000)
[    0.157995] pid_max: default: 32768 minimum: 301
[    0.158869] ACPI: Core revision 20150930
[    0.161464] ACPI: 2 ACPI AML tables successfully acquired and loaded
[    0.162769] Security Framework initialized
[    0.163615] Yama: becoming mindful.
[    0.164407] AppArmor: AppArmor initialized
[    0.165318] Dentry cache hash table entries: 131072 (order: 8, 1048576 bytes)
[    0.168803] Inode-cache hash table entries: 65536 (order: 7, 524288 bytes)
[    0.170074] Mount-cache hash table entries: 2048 (order: 2, 16384 bytes)
[    0.171313] Mountpoint-cache hash table entries: 2048 (order: 2, 16384 bytes)
[    0.172689] Initializing cgroup subsys io
[    0.173510] Initializing cgroup subsys memory
[    0.174370] Initializing cgroup subsys devices
[    0.175219] Initializing cgroup subsys freezer
[    0.176155] Initializing cgroup subsys net_cls
[    0.177010] Initializing cgroup subsys perf_event
[    0.177898] Initializing cgroup subsys net_prio
[    0.178810] Initializing cgroup subsys hugetlb
[    0.179753] Initializing cgroup subsys pids
[    0.181461] mce: CPU supports 0 MCE banks
[    0.182281] Last level iTLB entries: 4KB 64, 2MB 8, 4MB 8
[    0.183261] Last level dTLB entries: 4KB 64, 2MB 0, 4MB 0, 1GB 4
[    0.184394] Spectre V1 : Mitigation: usercopy/swapgs barriers and __user pointer sanitization
[    0.185983] Spectre V2 : Mitigation: Full generic retpoline
[    0.186980] Spectre V2 : Spectre v2 / SpectreRSB mitigation: Filling RSB on context switch
[    0.188641] Speculative Store Bypass: Vulnerable
[    0.189524] SRBDS: Unknown: Dependent on hypervisor status
[    0.190693] MDS: Vulnerable: Clear CPU buffers attempted, no microcode
[    0.194284] Freeing SMP alternatives memory: 36K
[    0.200392] ftrace: allocating 32319 entries in 127 pages
[    0.253927] smpboot: APIC(0) Converting physical 0 to logical package 0
[    0.255141] smpboot: Max logical packages: 1
[    0.256331] x2apic enabled
[    0.257229] Switched APIC routing to physical x2apic.
[    0.259363] ..TIMER: vector=0x30 apic1=0 pin1=2 apic2=-1 pin2=-1
[    0.368573] smpboot: CPU0: Intel(R) Core(TM) i7-8700 CPU @ 3.20GHz (family: 0x6, model: 0x9e, stepping: 0xa)
[    0.370715] Performance Events: unsupported p6 CPU model 158 no PMU driver, software events only.
[    0.380509] KVM setup paravirtual spinlock
[    0.381845] x86: Booting SMP configuration:
[    0.382688] .... node  #0, CPUs:      #1
[    0.383566] kvm-clock: cpu 1, msr 0:3ffe3041, secondary cpu clock
[    0.385197] mce: CPU supports 0 MCE banks
[    0.387691] x86: Booted up 1 node, 2 CPUs
[    0.388762] smpboot: Total of 2 processors activated (12768.00 BogoMIPS)
[    0.390372] devtmpfs: initialized
[    0.392451] evm: security.selinux
[    0.393208] evm: security.SMACK64
[    0.393940] evm: security.SMACK64EXEC
[    0.394707] evm: security.SMACK64TRANSMUTE
[    0.395529] evm: security.SMACK64MMAP
[    0.396324] evm: security.ima
[    0.397084] evm: security.capability
[    0.397994] clocksource: jiffies: mask: 0xffffffff max_cycles: 0xffffffff, max_idle_ns: 7645041785100000 ns
[    0.399800] futex hash table entries: 512 (order: 3, 32768 bytes)
[    0.401033] pinctrl core: initialized pinctrl subsystem
[    0.402088] RTC time: 15:21:03, date: 06/27/20
[    0.403129] NET: Registered protocol family 16
[    0.414227] cpuidle: using governor ladder
[    0.427010] cpuidle: using governor menu
[    0.427834] PCCT header not found.
[    0.428681] ACPI: bus type PCI registered
[    0.429533] acpiphp: ACPI Hot Plug PCI Controller Driver version: 0.5
[    0.430818] PCI: Using configuration type 1 for base access
[    0.442422] ACPI: Added _OSI(Module Device)
[    0.443332] ACPI: Added _OSI(Processor Device)
[    0.444205] ACPI: Added _OSI(3.0 _SCP Extensions)
[    0.445146] ACPI: Added _OSI(Processor Aggregator Device)
[    0.446695] ACPI: Executed 1 blocks of module-level executable AML code
[    0.449792] ACPI: Interpreter enabled
[    0.450588] ACPI: (supports S0 S5)
[    0.451326] ACPI: Using IOAPIC for interrupt routing
[    0.452399] PCI: Using host bridge windows from ACPI; if necessary, use "pci=nocrs" and report a bug
[    0.457093] ACPI: PCI Root Bridge [PCI0] (domain 0000 [bus 00-ff])
[    0.458275] acpi PNP0A03:00: _OSC: OS supports [ASPM ClockPM Segments MSI]
[    0.459810] acpi PNP0A03:00: _OSC: not requesting OS control; OS requires [ExtendedConfig ASPM ClockPM MSI]
[    0.461768] acpi PNP0A03:00: fail to add MMCONFIG information, can't access extended PCI configuration space under this bridge.
[    0.464138] PCI host bridge to bus 0000:00
[    0.464981] pci_bus 0000:00: root bus resource [io  0x0000-0x0cf7 window]
[    0.466197] pci_bus 0000:00: root bus resource [io  0x0d00-0xffff window]
[    0.467381] pci_bus 0000:00: root bus resource [mem 0x000a0000-0x000bffff window]
[    0.468875] pci_bus 0000:00: root bus resource [mem 0x40000000-0xfdffffff window]
[    0.470425] pci_bus 0000:00: root bus resource [bus 00-ff]
[    0.472981] pci 0000:00:01.1: legacy IDE quirk: reg 0x10: [io  0x01f0-0x01f7]
[    0.474580] pci 0000:00:01.1: legacy IDE quirk: reg 0x14: [io  0x03f6]
[    0.475757] pci 0000:00:01.1: legacy IDE quirk: reg 0x18: [io  0x0170-0x0177]
[    0.487360] pci 0000:00:01.1: legacy IDE quirk: reg 0x1c: [io  0x0376]
[    0.497630] pci 0000:00:07.0: quirk: [io  0x4000-0x403f] claimed by PIIX4 ACPI
[    0.499159] pci 0000:00:07.0: quirk: [io  0x4100-0x410f] claimed by PIIX4 SMB
[    0.506093] ACPI: PCI Interrupt Link [LNKA] (IRQs 5 9 10 *11)
[    0.507845] ACPI: PCI Interrupt Link [LNKB] (IRQs 5 9 *10 11)
[    0.509482] ACPI: PCI Interrupt Link [LNKC] (IRQs 5 *9 10 11)
[    0.511048] ACPI: PCI Interrupt Link [LNKD] (IRQs 5 9 10 *11)
[    0.512641] ACPI: Enabled 2 GPEs in block 00 to 07
[    0.513844] vgaarb: setting as boot device: PCI:0000:00:02.0
[    0.514901] vgaarb: device added: PCI:0000:00:02.0,decodes=io+mem,owns=io+mem,locks=none
[    0.516505] vgaarb: loaded
[    0.517206] vgaarb: bridge control possible 0000:00:02.0
[    0.518364] SCSI subsystem initialized
[    0.519291] ACPI: bus type USB registered
[    0.520141] usbcore: registered new interface driver usbfs
[    0.521269] usbcore: registered new interface driver hub
[    0.522314] usbcore: registered new device driver usb
[    0.523486] PCI: Using ACPI for IRQ routing
[    0.524620] NetLabel: Initializing
[    0.525424] NetLabel:  domain hash size = 128
[    0.526298] NetLabel:  protocols = UNLABELED CIPSOv4
[    0.529394] NetLabel:  unlabeled traffic allowed by default
[    0.530588] amd_nb: Cannot enumerate AMD northbridges
[    0.531640] clocksource: Switched to clocksource kvm-clock
[    0.541371] AppArmor: AppArmor Filesystem Enabled
[    0.542339] pnp: PnP ACPI init
[    0.543621] pnp: PnP ACPI: found 3 devices
[    0.553178] clocksource: acpi_pm: mask: 0xffffff max_cycles: 0xffffff, max_idle_ns: 2085701024 ns
[    0.554985] NET: Registered protocol family 2
[    0.555897] TCP established hash table entries: 8192 (order: 4, 65536 bytes)
[    0.557175] TCP bind hash table entries: 8192 (order: 5, 131072 bytes)
[    0.558315] TCP: Hash tables configured (established 8192 bind 8192)
[    0.559426] UDP hash table entries: 512 (order: 2, 16384 bytes)
[    0.560534] UDP-Lite hash table entries: 512 (order: 2, 16384 bytes)
[    0.561741] NET: Registered protocol family 1
[    0.562632] pci 0000:00:00.0: Limiting direct PCI/PCI transfers
[    0.563803] pci 0000:00:01.0: Activating ISA DMA hang workarounds
[    0.565030] Unpacking initramfs...
[    0.744861] Freeing initrd memory: 14888K
[    0.745823] clocksource: tsc: mask: 0xffffffffffffffff max_cycles: 0x2e02c4a121d, max_idle_ns: 440795236083 ns
[    0.747792] platform rtc_cmos: registered platform RTC device (no PNP device found)
[    0.749427] Scanning for low memory corruption every 60 seconds
[    0.750984] audit: initializing netlink subsys (disabled)
[    0.752030] audit: type=2000 audit(1593271270.870:1): initialized
[    0.753361] Initialise system trusted keyring
[    0.754442] HugeTLB registered 2 MB page size, pre-allocated 0 pages
[    0.756624] zbud: loaded
[    0.757591] VFS: Disk quotas dquot_6.6.0
[    0.758453] VFS: Dquot-cache hash table entries: 512 (order 0, 4096 bytes)
[    0.759905] squashfs: version 4.0 (2009/01/31) Phillip Lougher
[    0.761366] fuse init (API version 7.23)
[    0.762383] Key type big_key registered
[    0.763205] Allocating IMA MOK and blacklist keyrings.
[    0.765947] Key type asymmetric registered
[    0.766797] Asymmetric key parser 'x509' registered
[    0.767809] Block layer SCSI generic (bsg) driver version 0.4 loaded (major 249)
[    0.769361] io scheduler noop registered
[    0.770184] io scheduler deadline registered (default)
[    0.771177] io scheduler cfq registered
[    0.772051] pci_hotplug: PCI Hot Plug PCI Core version: 0.5
[    0.773104] pciehp: PCI Express Hot Plug Controller Driver version: 0.4
[    0.774428] ACPI: AC Adapter [AC] (on-line)
[    0.775314] input: Power Button as /devices/LNXSYSTM:00/LNXPWRBN:00/input/input0
[    0.776900] ACPI: Power Button [PWRF]
[    0.777739] input: Sleep Button as /devices/LNXSYSTM:00/LNXSLPBN:00/input/input1
[    0.779246] ACPI: Sleep Button [SLPF]
[    0.780293] GHES: HEST is not enabled!
[    0.781241] Serial: 8250/16550 driver, 32 ports, IRQ sharing enabled
[    0.802848] 00:02: ttyS0 at I/O 0x3f8 (irq = 4, base_baud = 115200) is a 16550A
[    0.807281] Linux agpgart interface v0.103
[    0.809497] loop: module loaded
[    0.810637] scsi host0: ata_piix
[    0.811448] scsi host1: ata_piix
[    0.812219] ata1: PATA max UDMA/33 cmd 0x1f0 ctl 0x3f6 bmdma 0xd000 irq 14
[    0.813506] ata2: PATA max UDMA/33 cmd 0x170 ctl 0x376 bmdma 0xd008 irq 15
[    0.814787] libphy: Fixed MDIO Bus: probed
[    0.815734] tun: Universal TUN/TAP device driver, 1.6
[    0.816721] tun: (C) 1999-2004 Max Krasnyansky <maxk@qualcomm.com>
[    0.817961] PPP generic driver version 2.4.2
[    0.818972] ehci_hcd: USB 2.0 'Enhanced' Host Controller (EHCI) Driver
[    0.820222] ehci-pci: EHCI PCI platform driver
[    0.821159] ehci-platform: EHCI generic platform driver
[    0.822165] ohci_hcd: USB 1.1 'Open' Host Controller (OHCI) Driver
[    0.823342] ohci-pci: OHCI PCI platform driver
[    0.824254] ohci-platform: OHCI generic platform driver
[    0.825241] uhci_hcd: USB Universal Host Controller Interface driver
[    0.826460] i8042: PNP: PS/2 Controller [PNP0303:PS2K,PNP0f03:PS2M] at 0x60,0x64 irq 1,12
[    0.828496] serio: i8042 KBD port at 0x60,0x64 irq 1
[    0.829462] serio: i8042 AUX port at 0x60,0x64 irq 12
[    0.830709] mousedev: PS/2 mouse device common for all mice
[    0.832175] input: AT Translated Set 2 keyboard as /devices/platform/i8042/serio0/input/input2
[    0.834331] rtc_cmos rtc_cmos: rtc core: registered rtc_cmos as rtc0
[    0.835527] rtc_cmos rtc_cmos: alarms up to one day, 114 bytes nvram
[    0.836746] i2c /dev entries driver
[    0.837595] device-mapper: uevent: version 1.0.3
[    0.838672] device-mapper: ioctl: 4.34.0-ioctl (2015-10-28) initialised: dm-devel@redhat.com
[    0.840338] ledtrig-cpu: registered to indicate activity on CPUs
[    0.842002] NET: Registered protocol family 10
[    0.843097] NET: Registered protocol family 17
[    0.844024] Key type dns_resolver registered
[    0.845523] registered taskstats version 1
[    0.846373] Loading compiled-in X.509 certificates
[    0.847708] Loaded X.509 cert 'Build time autogenerated kernel key: b6ae09eed57f82583ccd3c65c463e852cdd7a0b5'
[    0.849627] zswap: loaded using pool lzo/zbud
[    0.852255] Key type trusted registered
[    0.855625] Key type encrypted registered
[    0.856471] AppArmor: AppArmor sha1 policy hashing enabled
[    0.857507] ima: No TPM chip found, activating TPM-bypass!
[    0.858534] ima: Allocated hash algorithm: sha1
[    0.859445] evm: HMAC attrs: 0x1
[    0.860537]   Magic number: 8:443:387
[    0.861379] rtc_cmos rtc_cmos: setting system clock to 2020-06-27 15:21:03 UTC (1593271263)
[    0.863185] BIOS EDD facility v0.16 2004-Jun-25, 0 devices found
[    0.864291] EDD information not available.
[    0.972787] Freeing unused kernel memory: 1492K
[    0.973978] Write protecting the kernel read-only data: 14336k
[    0.975483] Freeing unused kernel memory: 1596K
[    0.976577] Freeing unused kernel memory: 60K
Loading, please wait...
starting version 229
[    0.988015] random: systemd-udevd: uninitialized urandom read (16 bytes read, 3 bits of entropy available)
[    0.988390] random: udevadm: uninitialized urandom read (16 bytes read, 3 bits of entropy available)
[    0.988404] random: udevadm: uninitialized urandom read (16 bytes read, 3 bits of entropy available)
[    0.993409] random: systemd-udevd: uninitialized urandom read (16 bytes read, 3 bits of entropy available)
[    0.994215] random: udevadm: uninitialized urandom read (16 bytes read, 3 bits of entropy available)
[    0.994244] random: udevadm: uninitialized urandom read (16 bytes read, 3 bits of entropy available)
[    0.994362] random: udevadm: uninitialized urandom read (16 bytes read, 3 bits of entropy available)
[    0.994398] random: udevadm: uninitialized urandom read (16 bytes read, 3 bits of entropy available)
[    0.994434] random: udevadm: uninitialized urandom read (16 bytes read, 3 bits of entropy available)
[    0.994472] random: udevadm: uninitialized urandom read (16 bytes read, 3 bits of entropy available)
[    1.035368] Fusion MPT base driver 3.04.20
[    1.036305] Copyright (c) 1999-2008 LSI Corporation
[    1.037600] e1000: Intel(R) PRO/1000 Network Driver - version 7.3.21-k8-NAPI
[    1.038864] e1000: Copyright (c) 1999-2006 Intel Corporation.
[    1.045555] Fusion MPT SPI Host driver 3.04.20
[    1.054399] AVX2 version of gcm_enc/dec engaged.
[    1.055308] AES CTR mode by8 optimization enabled
[    1.243049] input: ImExPS/2 Generic Explorer Mouse as /devices/platform/i8042/serio1/input/input4
[    1.406341] e1000 0000:00:03.0 eth0: (PCI:33MHz:32-bit) 02:fd:3e:94:53:22
[    1.407518] e1000 0000:00:03.0 eth0: Intel(R) PRO/1000 Network Connection
[    1.409893] mptbase: ioc0: Initiating bringup
[    1.700824] ioc0: LSI53C1030 A0: Capabilities={Initiator}
[    2.073420] scsi host2: ioc0: LSI53C1030 A0, FwRev=00000000h, Ports=1, MaxQ=256, IRQ=20
[    2.892188] scsi 2:0:0:0: Direct-Access     VBOX     HARDDISK         1.0  PQ: 0 ANSI: 5
[    2.893959] scsi target2:0:0: Beginning Domain Validation
[    2.897694] scsi target2:0:0: Domain Validation skipping write tests
[    2.898829] scsi target2:0:0: Ending Domain Validation
[    2.899922] scsi target2:0:0: asynchronous
[    2.901579] scsi 2:0:1:0: Direct-Access     VBOX     HARDDISK         1.0  PQ: 0 ANSI: 5
[    2.903180] scsi target2:0:1: Beginning Domain Validation
[    2.906168] scsi target2:0:1: Domain Validation skipping write tests
[    2.907298] scsi target2:0:1: Ending Domain Validation
[    2.908426] scsi target2:0:1: asynchronous
[    2.913602] sd 2:0:0:0: Attached scsi generic sg0 type 0
[    2.925196] sd 2:0:0:0: [sda] 20971520 512-byte logical blocks: (10.7 GB/10.0 GiB)
[    2.926842] sd 2:0:1:0: Attached scsi generic sg1 type 0
[    2.928065] sd 2:0:1:0: [sdb] 20480 512-byte logical blocks: (10.5 MB/10.0 MiB)
[    2.929753] sd 2:0:0:0: [sda] Write Protect is off
[    2.930948] sd 2:0:1:0: [sdb] Write Protect is off
[    2.931972] sd 2:0:0:0: [sda] Incomplete mode parameter data
[    2.933040] sd 2:0:0:0: [sda] Assuming drive cache: write through
[    2.934422] sd 2:0:1:0: [sdb] Incomplete mode parameter data
[    2.935590] sd 2:0:1:0: [sdb] Assuming drive cache: write through
[    2.938270]  sda: sda1
[    2.939888] sd 2:0:0:0: [sda] Attached SCSI disk
[    2.940995] sd 2:0:1:0: [sdb] Attached SCSI disk
[    3.428566] e1000 0000:00:08.0 eth1: (PCI:33MHz:32-bit) 08:00:27:58:80:d3
[    3.429800] e1000 0000:00:08.0 eth1: Intel(R) PRO/1000 Network Connection
[    3.431677] e1000 0000:00:08.0 enp0s8: renamed from eth1
[    3.448017] e1000 0000:00:03.0 enp0s3: renamed from eth0
Begin: Loading essential drivers ... [    4.796484] md: linear personality registered for level -1
[    4.799157] md: multipath personality registered for level -4
[    4.801801] md: raid0 personality registered for level 0
[    4.805653] md: raid1 personality registered for level 1
[    4.875932] raid6: sse2x1   gen() 13745 MB/s
[    4.943765] raid6: sse2x1   xor() 10978 MB/s
[    5.012090] raid6: sse2x2   gen() 18425 MB/s
[    5.079922] raid6: sse2x2   xor() 12613 MB/s
[    5.147748] raid6: sse2x4   gen() 20586 MB/s
[    5.216070] raid6: sse2x4   xor() 14030 MB/s
[    5.283905] raid6: avx2x1   gen() 29667 MB/s
[    5.351728] raid6: avx2x2   gen() 34239 MB/s
[    5.420055] raid6: avx2x4   gen() 37641 MB/s
[    5.420960] raid6: using algorithm avx2x4 gen() 37641 MB/s
[    5.421970] raid6: using avx2x2 recovery algorithm
[    5.423891] xor: automatically using best checksumming function:
[    5.463977]    avx       : 37249.000 MB/sec
[    5.465776] async_tx: api initialized (async)
[    5.474837] md: raid6 personality registered for level 6
[    5.475833] md: raid5 personality registered for level 5
[    5.476858] md: raid4 personality registered for level 4
[    5.482596] md: raid10 personality registered for level 10
done.
Begin: Running /scripts/init-premount ... done.
Begin: Mounting root file system ... Begin: Running /scripts/local-top ... done.
Begin: Running /scripts/local-premount ... [    5.506844] Btrfs loaded
Scanning for Btrfs filesystems
done.
Warning: fsck not present, so skipping root file system
[    5.527630] EXT4-fs (sda1): mounted filesystem with ordered data mode. Opts: (null)
done.
Begin: Running /scripts/local-bottom ... done.
Begin: Running /scripts/init-bottom ... done.
[    5.613445] systemd[1]: systemd 229 running in system mode. (+PAM +AUDIT +SELINUX +IMA +APPARMOR +SMACK +SYSVINIT +UTMP +LIBCRYPTSETUP +GCRYPT +GNUTLS +ACL +XZ -LZ4 +SECCOMP +BLKID +ELFUTILS +KMOD -IDN)
[    5.616691] systemd[1]: Detected virtualization oracle.
[    5.617693] systemd[1]: Detected architecture x86-64.

Welcome to [1mUbuntu 16.04.6 LTS[0m!

[    5.634283] systemd[1]: Set hostname to <ubuntu>.
[    5.638833] systemd[1]: Initializing machine ID from random generator.
[    5.640030] systemd[1]: Installed transient /etc/machine-id file.
[    5.764156] systemd[1]: Listening on LVM2 poll daemon socket.
[[0;32m  OK  [0m] Listening on LVM2 poll daemon socket.
[    5.772202] systemd[1]: Reached target Swap.
[[0;32m  OK  [0m] Reached target Swap.
[    5.782762] systemd[1]: Reached target User and Group Name Lookups.
[[0;32m  OK  [0m] Reached target User and Group Name Lookups.
[    5.957683] systemd[1]: Created slice System Slice.
[[0;32m  OK  [0m] Created slice System Slice.
[    5.959997] systemd[1]: Listening on Journal Audit Socket.
[[0;32m  OK  [0m] Listening on Journal Audit Socket.
[    5.961779] systemd[1]: Listening on /dev/initctl Compatibility Named Pipe.
[[0;32m  OK  [0m] Listening on /dev/initctl Compatibility Named Pipe.
[    5.963836] systemd[1]: Listening on LVM2 metadata daemon socket.
[[0;32m  OK  [0m] Listening on LVM2 metadata daemon socket.
[    5.965696] systemd[1]: Reached target System Time Synchronized.
[[0;32m  OK  [0m] Reached target System Time Synchronized.
[    5.967543] systemd[1]: Started Forward Password Requests to Wall Directory Watch.
[[0;32m  OK  [0m] Started Forward Password Requests to Wall Directory Watch.
[    5.970120] systemd[1]: Created slice User and Session Slice.
[[0;32m  OK  [0m] Created slice User and Session Slice.
[    5.971940] systemd[1]: Listening on Journal Socket (/dev/log).
[[0;32m  OK  [0m] Listening on Journal Socket (/dev/log).
[    5.973718] systemd[1]: Started Trigger resolvconf update for networkd DNS.
[[0;32m  OK  [0m] Started Trigger resolvconf update for networkd DNS.
[    5.975926] systemd[1]: Set up automount Arbitrary Executable File Formats File System Automount Point.
[[0;32m  OK  [0m] Set up automount Arbitrary Executab...ats File System Automount Point.
[    5.978821] systemd[1]: Created slice system-serial\x2dgetty.slice.
[[0;32m  OK  [0m] Created slice system-serial\x2dgetty.slice.
[    5.980708] systemd[1]: Reached target Encrypted Volumes.
[[0;32m  OK  [0m] Reached target Encrypted Volumes.
[    5.982412] systemd[1]: Listening on Device-mapper event daemon FIFOs.
[[0;32m  OK  [0m] Listening on Device-mapper event daemon FIFOs.
[    5.984365] systemd[1]: Reached target Slices.
[[0;32m  OK  [0m] Reached target Slices.
[    5.985904] systemd[1]: Listening on Syslog Socket.
[[0;32m  OK  [0m] Listening on Syslog Socket.
[    5.987499] systemd[1]: Listening on udev Kernel Socket.
[[0;32m  OK  [0m] Listening on udev Kernel Socket.
[    5.989217] systemd[1]: Listening on Journal Socket.
[[0;32m  OK  [0m] Listening on Journal Socket.
[    6.000313] systemd[1]: Starting Uncomplicated firewall...
         Starting Uncomplicated firewall...
[    6.002800] systemd[1]: Starting Monitoring of LVM2 mirrors, snapshots etc. using dmeventd or progress polling...
         Starting Monitoring of LVM2 mirrors... dmeventd or progress polling...
[    6.005947] systemd[1]: Starting Journal Service...
         Starting Journal Service...
[    6.008014] systemd[1]: Mounting Huge Pages File System...
         Mounting Huge Pages File System...
[    6.036440] systemd[1]: Starting Load Kernel Modules...
         Starting Load Kernel Modules...
[    6.043884] Loading iSCSI transport class v2.0-870.
[    6.044346] systemd[1]: Mounting Debug File System...
         Mounting Debug File System...
[    6.050789] iscsi: registered transport (tcp)
[    6.052283] systemd[1]: Mounting POSIX Message Queue File System...
         Mounting POSIX Message Queue File System...
[    6.060324] systemd[1]: Starting Create list of required static device nodes for the current kernel...
         Starting Create list of required st... nodes for the current kernel...
[    6.064073] systemd[1]: Starting Remount Root and Kernel File Systems...
         Starting Remount Root and Kernel File Systems...
[    6.068005] EXT4-fs (sda1): re-mounted. Opts: (null)
[    6.072300] systemd[1]: Starting Nameserver information manager...
         Starting Nameserver information manager...
[    6.074384] systemd[1]: Listening on udev Control Socket.
[[    6.075612] iscsi: registered transport (iser)
[0;32m  OK  [0m] Listening on udev Control Socket.
[    6.096339] systemd[1]: Starting Set console keymap...
         Starting Set console keymap...
[    6.104958] systemd[1]: Mounted Debug File System.
[[0;32m  OK  [0m] Mounted Debug File System.
[    6.112264] systemd[1]: Mounted Huge Pages File System.
[[0;32m  OK  [0m] Mounted Huge Pages File System.
[    6.120072] systemd[1]: Mounted POSIX Message Queue File System.
[[0;32m  OK  [0m] Mounted POSIX Message Queue File System.
[    6.127920] systemd[1]: Started Journal Service.
[[0;32m  OK  [0m] Started Journal Service.
[[0;32m  OK  [0m] Started Uncomplicated firewall.
[[0;32m  OK  [0m] Started Load Kernel Modules.
[[0;32m  OK  [0m] Started Create list of required sta...ce nodes for the current kernel.
[[0;32m  OK  [0m] Started Remount Root and Kernel File Systems.
[[0;32m  OK  [0m] Started Set console keymap.
[[0;32m  OK  [0m] Started Nameserver information manager.
[[0;32m  OK  [0m] Started LVM2 metadata daemon.
         Starting udev Coldplug all Devices...
         Starting Load/Save Random Seed...
         Starting Create Static Device Nodes in /dev...
         Starting Apply Kernel Variables...
         Mounting FUSE Control File System...
         Starting Flush Journal to Persistent Storage...
[[0;32m  OK  [0m] Mounted FUSE Control File System.
[[0;32m  OK  [0m] Started Load/Save Random Seed.
[[0;32m  OK  [0m] Started Create Static Device Nodes in /dev.
[[0;32m  OK  [0m] Started Apply Kernel Variables.
[[0;32m  OK  [0m] Started udev Coldplug all Devices.
         Starting udev Kernel Device Manager...
[[0;32m  OK  [0m] Started Flush Journal to Persistent Storage.
[[0;32m  OK  [0m] Started udev Kernel Device Manager.
[[0;32m  OK  [0m] Started Dispatch Password Requests to Console Directory Watch.
[[0;32m  OK  [0m] Found device /dev/ttyS0.
[[0;32m  OK  [0m] Listening on Load/Save RF Kill Switch Status /dev/rfkill Watch.
[[0;32m  OK  [0m] Started Monitoring of LVM2 mirrors,...ng dmeventd or progress polling.
[[0;32m  OK  [0m] Reached target Local File Systems (Pre).
[[0;32m  OK  [0m] Reached target Local File Systems.
         Starting Tell Plymouth To Write Out Runtime Data...
         Starting Set console font and keymap...
         Starting Initial cloud-init job (pre-networking)...
         Starting Commit a transient machine-id on disk...
         Starting Create Volatile Files and Directories...
         Starting LSB: AppArmor initialization...
[[0;32m  OK  [0m] Started Tell Plymouth To Write Out Runtime Data.
[[0;32m  OK  [0m] Started Commit a transient machine-id on disk.
[[0;32m  OK  [0m] Started Create Volatile Files and Directories.
         Starting Update UTMP about System Boot/Shutdown...
[[0;32m  OK  [0m] Started Update UTMP about System Boot/Shutdown.
[[0;32m  OK  [0m] Started Set console font and keymap.
[[0;32m  OK  [0m] Created slice system-getty.slice.
[    7.608126] cloud-init[629]: Cloud-init v. 19.4-33-gbb4131a2-0ubuntu1~16.04.1 running 'init-local' at Sat, 27 Jun 2020 15:21:10 +0000. Up 7.22 seconds.
[[0;32m  OK  [0m] Started Initial cloud-init job (pre-networking).
[[0;32m  OK  [0m] Reached target Network (Pre).
[[0;32m  OK  [0m] Started LSB: AppArmor initialization.
         Starting Raise network interfaces...
[[0;32m  OK  [0m] Started Raise network interfaces.
         Starting Initial cloud-init job (metadata service crawler)...
[[0;32m  OK  [0m] Reached target Network.
[    8.987728] cloud-init[955]: Cloud-init v. 19.4-33-gbb4131a2-0ubuntu1~16.04.1 running 'init' at Sat, 27 Jun 2020 15:21:11 +0000. Up 8.55 seconds.
[    9.012900] cloud-init[955]: ci-info: ++++++++++++++++++++++++++++++++++++++Net device info+++++++++++++++++++++++++++++++++++++++
[    9.020403] cloud-init[955]: ci-info: +--------+-------+----------------------------+---------------+--------+-------------------+
[    9.029545] [cloud-init[0;32m  OK  [0m[955]: ] ci-info: | Device |   Up  |          Address           |      Mask     | Scope  |     Hw-Address    |Started Initial cloud-init job (metadata service crawler).

[[0;32m  OK  [0m] Reached target System Initialization.
[[0;32m  OK  [0m] Listening on UUID daemon activation socket.
[    9.030074] cloud-init[955]: ci-info: +--------+-------+----------------------------+---------------+--------+-------------------+
[    9.032922] [cloud-init[0;32m  OK  [0m[955]: ] ci-info: | enp0s3 |  True |         10.0.2.15          | 255.255.255.0 | global | 02:fd:3e:94:53:22 |Listening on ACPID Listen Socket.

[    9.034478] cloud-init[955]: ci-info: | enp0s3 |  True | fe80::fd:3eff:fe94:5322/64 |       .       |  link  | 02:fd:3e:94:53:22 |
[[0;32m  OK  [0m] Started ACPI Events Check.
[    9.035936] [[0;32m  OK  [0m] cloud-initReached target Paths.
[955]: ci-info: | enp0s8 | False |             .              |       .       |   .    | 08:00:27:58:80:d3 |
[    9.038065]          Starting LXD - unix socket.
[[0;32m  OK  [0m] Listening on D-Bus System Message Bus Socket.
[[0;32m  OK  [0m] Started Daily apt download activities.
[[0;32m  OK  [0m] Started Daily apt upgrade and clean activities.
[[0;32m  OK  [0m] Started Message of the Day.
         Starting Socket activation for snappy daemon.
[[0;32m  OK  [0m] Started Daily Cleanup of Temporary Directories.
[[0;32m  OK  [0m] Reached target Timers.
[[0;32m  OK  [0m] Reached target Cloud-config availability.
[[0;32m  OK  [0m] Reached target Network is Online.
cloud-init[955]: ci-info: |   lo   |  True |         127.0.0.1          |   255.0.0.0   |  host  |         .         |
[    9.049009]          cloud-initStarting iSCSI initiator daemon (iscsid)...[955]: 
ci-info: |   lo   |  True |          ::1/128           |       .       |  host  |         .         |
[    9.050093] cloud-init[955]: ci-info: +--------+-------+----------------------------+---------------+--------+-------------------+
[    9.051997] cloud-init[955]: ci-info: +++++++++++++++++++++++++++Route IPv4 info++++++++++++++++++++++++++++
[    9.052150] cloud-init[955]: ci-info: +-------+-------------+----------+---------------+-----------+-------+
[    9.052390] cloud-init[955]: ci-info: | Route | Destination | Gateway  |    Genmask    | Interface | Flags |
[    9.052626] cloud-init[955]: ci-info: +-------+-------------+----------+---------------+-----------+-------+
[    9.052974] cloud-init[955]: ci-info: |   0   |   0.0.0.0   | 10.0.2.2 |    0.0.0.0    |   enp0s3  |   UG  |
[    9.053205] cloud-init[955]: ci-info: |   1   |   10.0.2.0  | 0.0.0.0  | 255.255.255.0 |   enp0s3  |   U   |
[    9.053435] cloud-init[955]: ci-info: +-------+-------------+----------+---------------+-----------+-------+
[    9.053797] cloud-init[955]: ci-info: +++++++++++++++++++Route IPv6 info+++++++++++++++++++
[    9.054022] cloud-init[955]: ci-info: +-------+-------------+---------+-----------+-------+
[    9.054251] cloud-init[955]: ci-info: | Route | Destination | Gateway | Interface | Flags |
[    9.054483] cloud-init[955]: ci-info: +-------+-------------+---------+-----------+-------+
[    9.054836] cloud-init[955]: ci-info: |   0   |  fe80::/64  |    ::   |   enp0s3  |   U   |
[    9.055072] cloud-init[955]: ci-info: |   3   |   ff00::/8  |    ::   |   enp0s3  |   U   |
[    9.055296] cloud-init[955]: ci-info: +-------+-------------+---------+-----------+-------+
[    9.055527] cloud-init[955]: Generating public/private rsa key pair.
[    9.055635] cloud-init[955]: Your identification has been saved in /etc/ssh/ssh_host_rsa_key.
[    9.055863] cloud-init[955]: Your public key has been saved in /etc/ssh/ssh_host_rsa_key.pub.
[    9.056218] cloud-init[955]: The key fingerprint is:
[    9.056444] cloud-init[955]: SHA256:KNg1JhyuTE4NOSND/0yM0bkpAEx6Y45p1WINGZoUH+g root@ubuntu-xenial
[    9.056680] cloud-init[955]: The key's randomart image is:
[    9.056906] cloud-init[955]: +---[RSA 2048]----+
[    9.057136] cloud-init[955]: |*=+*= .          |
[    9.057365] cloud-init[955]: |=+O*O+           |
[[0;32m  OK  [0m] Listening on LXD - unix socket.
[    9.057573] cloud-init[955]: |o=BX==*          |
[    9.068231] cloud-init[955]: | Eo*=* o         |
[    9.068587] cloud-init[955]: |o.* +o. S        |
[    9.068814] cloud-init[955]: |.    .           |
[    9.069043] cloud-init[955]: |                 |
[    9.069282] cloud-init[955]: |                 |
[    9.069509] cloud-init[955]: |                 |
[    9.069736] cloud-init[955]: +----[SHA256]-----+
[    9.069968] cloud-init[955]: Generating public/private dsa key pair.
[    9.070198] cloud-init[955]: Your identification has been saved in /etc/ssh/ssh_host_dsa_key.
[    9.070548] cloud-init[955]: Your public key has been saved in /etc/ssh/ssh_host_dsa_key.pub.
[    9.070777] cloud-init[955]: The key fingerprint is:
[    9.071007] cloud-init[955]: SHA256:wbpsanRxT3bboZ6tkd2DDj+Qglpl+1p23bLL0wkSgE4 root@ubuntu-xenial
[    9.071260] cloud-init[955]: The key's randomart image is:
[    9.071490] cloud-init[955]: +---[DSA 1024]----+
[    9.071721] cloud-init[955]: |        .        |
[    9.071952] cloud-init[955]: |       E .       |
[    9.072312] cloud-init[955]: |      o o .      |
[    9.072538] cloud-init[955]: |      .o.+o.. .  |
[    9.072769] cloud-init[955]: |      .oS+..o+ . |
[    9.073001] cloud-init[955]: |    ...+ o.+o++..|
[    9.073246] cloud-init[955]: |   . .*   o===+++|
[    9.073471] cloud-init[955]: |    .+    o.B+o+o|
[    9.073704] cloud-init[955]: |   ..    .. .+=o |
[    9.073935] cloud-init[955]: +----[SHA256]-----+
[    9.074173] cloud-init[955]: Generating public/private ecdsa key pair.
[    9.074400] cloud-init[955]: Your identification has been saved in /etc/ssh/ssh_host_ecdsa_key.
[    9.074630] cloud-init[955]: Your public key has been saved in /etc/ssh/ssh_host_ecdsa_key.pub.
[    9.074862] cloud-init[955]: The key fingerprint is:
[    9.075102] cloud-init[955]: SHA256:O23VKOeZhqaEHnj1Zfv88kVCqtFB0FG46yuV6SA1AgY root@ubuntu-xenial
[    9.075341] cloud-init[955]: The key's randomart image is:
[    9.075568] cloud-init[955]: +---[ECDSA 256]---+
[    9.075800] cloud-init[955]: |    E.    .oo+.  |
[    9.076050] cloud-init[955]: |      o    .o    |
[    9.076274] cloud-init[955]: |     . .    ...  |
[    9.076500] cloud-init[955]: |        . o..*   |
[    9.076729] cloud-init[955]: |        Soo.O+o .|
[    9.076960] cloud-init[955]: |     . o.+.@=+ o |
[    9.077315] cloud-init[955]: |    . + +.B=*   .|
[    9.077544] cloud-init[955]: |     o o =..oo. .|
[    9.077775] cloud-init[955]: |      . .  ...o+o|
[    9.078004] cloud-init[955]: +----[SHA256]-----+
[    9.078246] cloud-init[955]: Generating public/private ed25519 key pair.
[    9.078474] cloud-init[955]: Your identification has been saved in /etc/ssh/ssh_host_ed25519_key.
[    9.078705] cloud-init[955]: Your public key has been saved in /etc/ssh/ssh_host_ed25519_key.pub.
[    9.078935] cloud-init[955]: The key fingerprint is:
[    9.079173] cloud-init[955]: SHA256:tHWwhTwHuQbPn+Cj4Dy79IPgDJGhyMVTqoBul1p1MIk root@ubuntu-xenial
[    9.079401] cloud-init[955]: The key's randomart image is:
[    9.079632] cloud-init[955]: +--[ED25519 256]--+
[    9.079863] cloud-init[955]: |  . o+.  .o+.    |
[    9.080221] cloud-init[955]: |. .E..o . =+.    |
[    9.080564] cloud-init[955]: |=..+.. ..+o+.    |
[    9.080794] cloud-init[955]: |=.+ o .. o*.     |
[    9.081028] cloud-init[955]: | + =    So o .   |
[    9.081254] cloud-init[955]: |. = . .   o o    |
[    9.081485] cloud-init[955]: | . + +.o . .     |
[    9.081718] cloud-init[955]: |    o.=.o        |
[    9.081988] cloud-init[955]: |      o+..       |
[    9.082233] cloud-init[955]: +----[SHA256]-----+
[[0;32m  OK  [0m] Listening on Socket activation for snappy daemon.
[[0;32m  OK  [0m] Reached target Sockets.
[[0;32m  OK  [0m] Reached target Basic System.
         Starting /etc/rc.local Compatibility...
         Starting Virtualbox guest utils...
         Starting Pollinate to seed the pseudo random number generator...
         Starting LXD - container startup/shutdown...
         Starting LSB: Record successful boot for GRUB...
[[0;32m  OK  [0m] Started Regular background program processing daemon.
[[0;32m  OK  [0m] Started D-Bus System Message Bus.
         Starting Accounts Service...
         Starting System Logging Service...
         Starting Snappy daemon...
         Starting Login Service...
[[0;32m  OK  [0m] Started FUSE filesystem for LXC.
[[0;32m  OK  [0m] Started ACPI event daemon.
         Starting LSB: MD monitoring daemon...
[[0;32m  OK  [0m] Started Deferred execution scheduler.
[[0;32m  OK  [0m] Started System Logging Service.
[[0;32m  OK  [0m] Started /etc/rc.local Compatibility.
[[0;32m  OK  [0m] Started iSCSI initiator daemon (iscsid).
[[0;32m  OK  [0m] Started Login Service.
[[0;32m  OK  [0m] Started Unattended Upgrades Shutdown.
         Starting Authenticate and Authorize Users to Run Privileged Tasks...
         Starting Login to default iSCSI targets...
[[0;32m  OK  [0m] Started LXD - container startup/shutdown.
[[0;32m  OK  [0m] Started LSB: Record successful boot for GRUB.
[[0;32m  OK  [0m] Started LSB: MD monitoring daemon.
[[0;32m  OK  [0m] Started Authenticate and Authorize Users to Run Privileged Tasks.
[[0;32m  OK  [0m] Started Accounts Service.
[[0;32m  OK  [0m] Started Virtualbox guest utils.
[[0;32m  OK  [0m] Started Login to default iSCSI targets.
[[0;32m  OK  [0m] Reached target Remote File Systems (Pre).
[[0;32m  OK  [0m] Reached target Remote File Systems.
         Starting LSB: Set the CPU Frequency Scaling governor to "ondemand"...
         Starting Permit User Sessions...
         Starting LSB: daemon to balance interrupts for SMP systems...
         Starting LSB: automatic crash report generation...
[[0;32m  OK  [0m] Started Permit User Sessions.
         Starting Terminate Plymouth Boot Screen...
         Starting Hold until boot process finishes up...
[[0;32m  OK  [0m] Started Hold until boot process finishes up.
[[0;32m  OK  [0m] Started Serial Getty on ttyS0.
[[0;32m  OK  [0m] Started Getty on tty1.
[[0;32m  OK  [0m] Reached target Login Prompts.
         Starting Set console scheme...
[[0;32m  OK  [0m] Started LSB: Set the CPU Frequency Scaling governor to "ondemand".
[[0;32m  OK  [0m] Started Terminate Plymouth Boot Screen.
[[0;32m  OK  [0m] Started Set console scheme.
[[0;32m  OK  [0m] Started LSB: automatic crash report generation.
[[0;32m  OK  [0m] Started LSB: daemon to balance interrupts for SMP systems.
[[0;32m  OK  [0m] Started Snappy daemon.
         Starting Wait until snapd is fully seeded...
[[0;32m  OK  [0m] Started Pollinate to seed the pseudo random number generator.
         Starting OpenBSD Secure Shell server...
[[0;32m  OK  [0m] Started OpenBSD Secure Shell server.
[[0;32m  OK  [0m] Created slice User Slice of vagrant.
         Starting User Manager for UID 1000...
[[0;32m  OK  [0m] Started Session 1 of user vagrant.
[[0;32m  OK  [0m] Started User Manager for UID 1000.
[[0;32m  OK  [0m] Started Wait until snapd is fully seeded.
         Starting Apply the settings specified in cloud-config...
[[0;32m  OK  [0m] Reached target Multi-User System.
[[0;32m  OK  [0m] Reached target Graphical Interface.
         Starting Update UTMP about System Runlevel Changes...
[[0;32m  OK  [0m] Started Update UTMP about System Runlevel Changes.
[   10.934765] cloud-init[1409]: Generating locales (this might take a while)...
[   11.716257] cloud-init[1409]:   en_US.UTF-8... done
[   11.717270] cloud-init[1409]: Generation complete.
[   11.988167] cloud-init[1409]: Cloud-init v. 19.4-33-gbb4131a2-0ubuntu1~16.04.1 running 'modules:config' at Sat, 27 Jun 2020 15:21:13 +0000. Up 10.83 seconds.
[[0;32m  OK  [0m] Started Apply the settings specified in cloud-config.
         Starting Execute cloud user/final scripts...
ci-info: no authorized SSH keys fingerprints found for user ubuntu.
<14>Jun 27 15:21:15 ec2: 
<14>Jun 27 15:21:15 ec2: #############################################################
<14>Jun 27 15:21:15 ec2: -----BEGIN SSH HOST KEY FINGERPRINTS-----
<14>Jun 27 15:21:15 ec2: 1024 SHA256:wbpsanRxT3bboZ6tkd2DDj+Qglpl+1p23bLL0wkSgE4 root@ubuntu-xenial (DSA)
<14>Jun 27 15:21:15 ec2: 256 SHA256:O23VKOeZhqaEHnj1Zfv88kVCqtFB0FG46yuV6SA1AgY root@ubuntu-xenial (ECDSA)
<14>Jun 27 15:21:15 ec2: 256 SHA256:tHWwhTwHuQbPn+Cj4Dy79IPgDJGhyMVTqoBul1p1MIk root@ubuntu-xenial (ED25519)
<14>Jun 27 15:21:15 ec2: 2048 SHA256:KNg1JhyuTE4NOSND/0yM0bkpAEx6Y45p1WINGZoUH+g root@ubuntu-xenial (RSA)
<14>Jun 27 15:21:15 ec2: -----END SSH HOST KEY FINGERPRINTS-----
<14>Jun 27 15:21:15 ec2: #############################################################
-----BEGIN SSH HOST KEY KEYS-----
ecdsa-sha2-nistp256 AAAAE2VjZHNhLXNoYTItbmlzdHAyNTYAAAAIbmlzdHAyNTYAAABBBBHfe1cZa7vV1kRvyFclM2kI4q/Sxiyvcp+V+z55VZ6t6I5JQs4i8cECDcVlZOH5hkVKA2+vb8FPrbaImRTb8zU= root@ubuntu-xenial
ssh-ed25519 AAAAC3NzaC1lZDI1NTE5AAAAIP6UYbTm4F+jCGPixhGT2DS7A6yYIVYTm9HyyJOi6p/w root@ubuntu-xenial
ssh-rsa AAAAB3NzaC1yc2EAAAADAQABAAABAQC47ipxXTFnbYKjUzPu0u3VuGMcSSUJYVFx17eeX7zQunVvqi0X5R1H5lWwoCMUXVTQEPBzYmGKzbNPBdpOzMoQ62J3k8LAqGPpN+vtgxJBrI43FV3YSKYQvGN1MAF5xCJ3JouTkVi9W0SplFPQXMfriTbHKbQxsfUwUFXqt/2Cz95hKPS6bbo5H58ENcpzqyWm+w9Qu3YY7Fi02G7lepLbOXMvBCTIwdjt6U38IVPF33waEdsmucHfU7tlImKHJuGX+nnJwuLSnN1iwAaRBoYeWg83BNh87NBTdQmjTMv8lLl8pRS6tL1ofhhYwHNSUSFKU4VapCEZfM348aYMXFJT root@ubuntu-xenial
-----END SSH HOST KEY KEYS-----
[   12.466709] cloud-init[1549]: Cloud-init v. 19.4-33-gbb4131a2-0ubuntu1~16.04.1 running 'modules:final' at Sat, 27 Jun 2020 15:21:15 +0000. Up 12.33 seconds.
[   12.472271] cloud-init[1549]: ci-info: no authorized SSH keys fingerprints found for user ubuntu.
[   12.480951] cloud-init[1549]: Cloud-init v. 19.4-33-gbb4131a2-0ubuntu1~16.04.1 finished at Sat, 27 Jun 2020 15:21:15 +0000. Datasource DataSourceNoCloud [seed=/dev/sdb][dsmode=net].  Up 12.46 seconds
[[0;32m  OK  [0m] Started Execute cloud user/final scripts.
[[0;32m  OK  [0m] Reached target Cloud-init target.

Ubuntu 16.04.6 LTS ubuntu-xenial ttyS0

ubuntu-xenial login: 